// Jest Snapshot v1, https://goo.gl/fbAQLP

exports[`[3] Matches snapshot from 5.29.22 1`] = `
<form
  className="sc-papXJ iwqZah"
  onSubmit={[Function]}
>
  <label
    className="sc-jqUVSM cZbbWV"
  >
    Add New Task
  </label>
  <input
    className="sc-kDDrLX exruFV"
    data-testid="add-new-task-input"
    onChange={[Function]}
    placeholder="Enter Task Description..."
    type="text"
    value=""
  />
  <button
    className="sc-iqcoie JCIru"
    type="submit"
  >
    + Add Task
  </button>
</form>
`;
