// Jest Snapshot v1, https://goo.gl/fbAQLP

exports[`[2] Matches snapshot from 5.29.22 1`] = `
<div
  className="App"
>
  <div
    className="container"
  >
    <header
      className="sc-bczRLJ crdXbW"
    >
      <h1
        className="sc-gsnTZi gWWeNP"
      >
        Inventora Tasks
      </h1>
      <button
        className="sc-dkzDqf bexeyA"
        onClick={[Function]}
      >
        Delete All
      </button>
    </header>
    <main
      className="sc-iqcoie hkmRiF"
    >
      <form
        className="sc-hKMtZM iYxyjv"
        onSubmit={[Function]}
      >
        <label
          className="sc-eCYdqJ kwJpGj"
        >
          Add New Task
        </label>
        <input
          className="sc-jSMfEi kCSPQW"
          data-testid="add-new-task-input"
          onChange={[Function]}
          placeholder="Enter Task Description..."
          type="text"
          value=""
        />
        <button
          className="sc-gKXOVf dpfsCR"
          type="submit"
        >
          + Add Task
        </button>
      </form>
      <section>
        <h2
          className="sc-kDDrLX kLBLqs"
        >
          To-Do
        </h2>
        <ul />
      </section>
      <section>
        <h2
          className="sc-kDDrLX kLBLqs"
        >
          Completed
        </h2>
        <ul />
      </section>
    </main>
  </div>
</div>
`;
