// Jest Snapshot v1, https://goo.gl/fbAQLP

exports[`[4] TodosContainer isCompleted=true matches snapshot from 5.29.22 1`] = `
<section>
  <h2
    className="sc-iqcoie irqolB"
  >
    Completed
  </h2>
  <ul>
    <li
      className="sc-ftvSup dPuacK"
    >
      <div
        className="sc-jqUVSM bxlMaP"
      >
        <input
          className="sc-kDDrLX hLNvhp"
          data-testid="todo-checkbox"
          defaultChecked={true}
          onClick={[Function]}
          type="checkbox"
        />
        <h4>
          Task one
        </h4>
      </div>
      <button
        className="sc-papXJ dhMqVU"
        onClick={[Function]}
      >
        Delete
      </button>
    </li>
  </ul>
</section>
`;

exports[`[5] TodosContainer isCompleted=false matches snapshot from 5.29.22 1`] = `
<section>
  <h2
    className="sc-iqcoie irqolB"
  >
    To-Do
  </h2>
  <ul />
</section>
`;
